// Jest Snapshot v1, https://goo.gl/fbAQLP

exports[`SCard has the expected html structure 1`] = `
<div
  class="s-card"
  style="background: red; border-left: 4px solid blue;"
>
  Texto do card
</div>
`;
