// Jest Snapshot v1, https://goo.gl/fbAQLP

exports[`SAlert has the expected html structure 1`] = `
<div
  class="s-alert"
>
  <div
    class="header"
  >
    Nome do titulo
  </div>
   
  <div
    class="msg"
  >
    Mensagem do alert
  </div>
</div>
`;
