// Jest Snapshot v1, https://goo.gl/fbAQLP

exports[`SBadge has the expected html structure 1`] = `
<div
  class="s-badge"
>
  <div
    class="content --dot --primary"
  >
    
  </div>
   
</div>
`;
