// Jest Snapshot v1, https://goo.gl/fbAQLP

exports[`SAvatar has the expected html structure 1`] = `
<div
  class="s-avatar --is-size-m --is-color-dark"
/>
`;
