// Jest Snapshot v1, https://goo.gl/fbAQLP

exports[`SProgressbar has the expected html structure 1`] = `
<div
  class="s-progress-bar"
>
  <div
    class="progress"
    style="width: 65%;"
  />
</div>
`;
